// Jest Snapshot v1, https://goo.gl/fbAQLP

exports[`generateFullReferralLetterPdf generates letter pdf html correctly 1`] = `
"<html>
  <head>
      <link rel=\\"stylesheet\\" type=\\"text/css\\" href=\\"generatePdf.css\\">
  </head>
  <body>
    <div id=\\"pageHeader-first\\">
      <div style=\\"text-align: center;\\">
        <img style=\\"max-width: 223px\\" src=file:/app/src/server/handlers/cases/referralLetters/generatePdf/assets/header_text.png />
      </div>
      <div style=\\"text-align: center; margin-top: 8px\\">
        <img style=\\"max-width: 42px\\" src=file:/app/src/server/handlers/cases/referralLetters/generatePdf/assets/icon.ico />
      </div>
    </div>
    <div id=\\"pageHeader\\" style=\\"font-size:8.5pt; color: #7F7F7F;\\">
      Recipient Address<br/>
      July 01, 2018<br/>
      Page {{page}}
    </div>

    <div id=\\"pageFooter\\" style=\\"text-align: center; margin-top: 16px\\">
            <span  style=\\"display:inline-block; margin: 6px 16px 0 0\\">
                <img style=\\"max-width: 30px\\" src=file:/app/src/server/handlers/cases/referralLetters/generatePdf/assets/icon.ico />

            </span>
      <span style=\\"display:inline-block; font-size:7pt; color: #7F7F7F;\\">
                INDEPENDENT POLICE MONITOR <br />
                2714 Canal Street, Suite 201 | NEW ORLEANS, LOUISIANA | 70119 <br />
                Phone (504) 309-9799| Fax (504) 309-7345
            </span>
      <span  style=\\"display:inline-block; width: 46px\\">&nbsp;</span>
    </div>
    <p style=\\"color: #7F7F7F;\\">
      SUSAN HUTSON
      <br>
      INDEPENDENT POLICE MONITOR
    </p>
    <p><br></p>
    July 01, 2018
    <p><br></p>
    Recipient Address
    <p><br></p>
    <p><strong>RE: Complaint Referral; IPM Complaint -2011-12070</strong></p>
    <p><br></p>
    <p>Dear Recipient Address:</p>
    <p><br></p>
    <p> Letter Body </p>
    <p><br></p>
    Sincerely,
    <p><br></p>
    <p><br></p>
    <p><br></p>
    Sender Address<br> Sender Address Second Line
    <p><br></p>
    Transcribed by: Transcriber
  </body>
</html>"
`;
