// Jest Snapshot v1, https://goo.gl/fbAQLP

exports[`generateLetterPdfBuffer sender is 'sender address' generates letter pdf html correctly 1`] = `
"<html>
  <head>
      <link rel=\\"stylesheet\\" type=\\"text/css\\" href=\\"getPdf.css\\">
  </head>
  <body>
    <div id=\\"pageHeader-first\\">
      <div style=\\"text-align: center;\\">
        <img style=\\"max-width: 223px\\" src=\\"file:/app/src/server/handlers/cases/referralLetters/getPdf/assets/header_text.png\\" />
      </div>
      <div style=\\"text-align: center; margin-top: 8px\\">
        <img style=\\"max-width: 42px\\" src=\\"file:/app/src/server/handlers/cases/referralLetters/getPdf/assets/icon.ico\\" />
      </div>
    </div>
    <div id=\\"pageHeader\\" style=\\"font-size:8.5pt; color: #7F7F7F;\\">
      Recipient Address<br/>
      July 01, 2018<br/>
      Page {{page}}
    </div>

    <div id=\\"pageFooter\\" style=\\"text-align: center; margin-top: 16px\\">
            <span  style=\\"display:inline-block; margin: 6px 16px 0 0\\">
                <img style=\\"max-width: 30px\\" src=\\"file:/app/src/server/handlers/cases/referralLetters/getPdf/assets/icon.ico\\" />
            </span>
      <span style=\\"display:inline-block; font-size:7pt; color: #7F7F7F;\\">
                INDEPENDENT POLICE MONITOR <br />
                2714 Canal Street, Suite 201 | NEW ORLEANS, LOUISIANA | 70119 <br />
                Phone (504) 309-9799| Fax (504) 309-7345
            </span>
      <span  style=\\"display:inline-block; width: 46px\\">&nbsp;</span>
    </div>
    <p style=\\"color: #7F7F7F;\\">
      SUSAN HUTSON
      <br>
      INDEPENDENT POLICE MONITOR
    </p>
    <p><br></p>
    July 01, 2018
    <p><br></p>
    Recipient Address
    <p><br></p>
    <p><strong>RE: Complaint Referral; IPM Complaint CC-2011-0099</strong></p>
    <p><br></p>
    <p>Dear Recipient Address:</p>
    <p><br></p>
    <p> Letter Body </p>
    <p><br></p>
    Sincerely,
    <p><br></p>
    <p><br></p>
    <p><br></p>
    Sender Address<br> Sender Address Second Line
    <p><br></p>
    Transcribed by: Transcriber
  </body>
</html>"
`;

exports[`generateLetterPdfBuffer sender is 'sender address' pdf create gets called with expected letter html when letter is edited 1`] = `
"<html>
  <head>
      <link rel=\\"stylesheet\\" type=\\"text/css\\" href=\\"getPdf.css\\">
  </head>
  <body>
    <div id=\\"pageHeader-first\\">
      <div style=\\"text-align: center;\\">
        <img style=\\"max-width: 223px\\" src=\\"file:/app/src/server/handlers/cases/referralLetters/getPdf/assets/header_text.png\\" />
      </div>
      <div style=\\"text-align: center; margin-top: 8px\\">
        <img style=\\"max-width: 42px\\" src=\\"file:/app/src/server/handlers/cases/referralLetters/getPdf/assets/icon.ico\\" />
      </div>
    </div>
    <div id=\\"pageHeader\\" style=\\"font-size:8.5pt; color: #7F7F7F;\\">
      recipient address<br/>
      July 01, 2018<br/>
      Page {{page}}
    </div>

    <div id=\\"pageFooter\\" style=\\"text-align: center; margin-top: 16px\\">
            <span  style=\\"display:inline-block; margin: 6px 16px 0 0\\">
                <img style=\\"max-width: 30px\\" src=\\"file:/app/src/server/handlers/cases/referralLetters/getPdf/assets/icon.ico\\" />
            </span>
      <span style=\\"display:inline-block; font-size:7pt; color: #7F7F7F;\\">
                INDEPENDENT POLICE MONITOR <br />
                2714 Canal Street, Suite 201 | NEW ORLEANS, LOUISIANA | 70119 <br />
                Phone (504) 309-9799| Fax (504) 309-7345
            </span>
      <span  style=\\"display:inline-block; width: 46px\\">&nbsp;</span>
    </div>
    <p style=\\"color: #7F7F7F;\\">
      SUSAN HUTSON
      <br>
      INDEPENDENT POLICE MONITOR
    </p>
    <p><br></p>
    July 01, 2018
    <p><br></p>
    recipient address
    <p><br></p>
    <p><strong>RE: Complaint Referral; IPM Complaint CC2017-0001</strong></p>
    <p><br></p>
    <p>Dear recipient address:</p>
    <p><br></p>
    Custom Letter HTML
    <p><br></p>
    Sincerely,
    <p><br></p>
    <p><br></p>
    <p><br></p>
    sender address
    <p><br></p>
    Transcribed by: transcriber
  </body>
</html>"
`;

exports[`generateLetterPdfBuffer sender is 'sender address' pdf create gets called with expected letter html when letter is generated 1`] = `
"<html>
  <head>
      <link rel=\\"stylesheet\\" type=\\"text/css\\" href=\\"getPdf.css\\">
  </head>
  <body>
    <div id=\\"pageHeader-first\\">
      <div style=\\"text-align: center;\\">
        <img style=\\"max-width: 223px\\" src=\\"file:/app/src/server/handlers/cases/referralLetters/getPdf/assets/header_text.png\\" />
      </div>
      <div style=\\"text-align: center; margin-top: 8px\\">
        <img style=\\"max-width: 42px\\" src=\\"file:/app/src/server/handlers/cases/referralLetters/getPdf/assets/icon.ico\\" />
      </div>
    </div>
    <div id=\\"pageHeader\\" style=\\"font-size:8.5pt; color: #7F7F7F;\\">
      recipient address<br/>
      July 01, 2018<br/>
      Page {{page}}
    </div>

    <div id=\\"pageFooter\\" style=\\"text-align: center; margin-top: 16px\\">
            <span  style=\\"display:inline-block; margin: 6px 16px 0 0\\">
                <img style=\\"max-width: 30px\\" src=\\"file:/app/src/server/handlers/cases/referralLetters/getPdf/assets/icon.ico\\" />
            </span>
      <span style=\\"display:inline-block; font-size:7pt; color: #7F7F7F;\\">
                INDEPENDENT POLICE MONITOR <br />
                2714 Canal Street, Suite 201 | NEW ORLEANS, LOUISIANA | 70119 <br />
                Phone (504) 309-9799| Fax (504) 309-7345
            </span>
      <span  style=\\"display:inline-block; width: 46px\\">&nbsp;</span>
    </div>
    <p style=\\"color: #7F7F7F;\\">
      SUSAN HUTSON
      <br>
      INDEPENDENT POLICE MONITOR
    </p>
    <p><br></p>
    July 01, 2018
    <p><br></p>
    recipient address
    <p><br></p>
    <p><strong>RE: Complaint Referral; IPM Complaint CC2017-0001</strong></p>
    <p><br></p>
    <p>Dear recipient address:</p>
    <p><br></p>
    
    <p><br></p>
    Sincerely,
    <p><br></p>
    <p><br></p>
    <p><br></p>
    sender address
    <p><br></p>
    Transcribed by: transcriber
  </body>
</html>"
`;

exports[`generateLetterPdfBuffer sender is 'sender address' signature is not included when sender is not stella even if includeSignature is true 1`] = `
"<html>
  <head>
      <link rel=\\"stylesheet\\" type=\\"text/css\\" href=\\"getPdf.css\\">
  </head>
  <body>
    <div id=\\"pageHeader-first\\">
      <div style=\\"text-align: center;\\">
        <img style=\\"max-width: 223px\\" src=\\"file:/app/src/server/handlers/cases/referralLetters/getPdf/assets/header_text.png\\" />
      </div>
      <div style=\\"text-align: center; margin-top: 8px\\">
        <img style=\\"max-width: 42px\\" src=\\"file:/app/src/server/handlers/cases/referralLetters/getPdf/assets/icon.ico\\" />
      </div>
    </div>
    <div id=\\"pageHeader\\" style=\\"font-size:8.5pt; color: #7F7F7F;\\">
      recipient address<br/>
      July 01, 2018<br/>
      Page {{page}}
    </div>

    <div id=\\"pageFooter\\" style=\\"text-align: center; margin-top: 16px\\">
            <span  style=\\"display:inline-block; margin: 6px 16px 0 0\\">
                <img style=\\"max-width: 30px\\" src=\\"file:/app/src/server/handlers/cases/referralLetters/getPdf/assets/icon.ico\\" />
            </span>
      <span style=\\"display:inline-block; font-size:7pt; color: #7F7F7F;\\">
                INDEPENDENT POLICE MONITOR <br />
                2714 Canal Street, Suite 201 | NEW ORLEANS, LOUISIANA | 70119 <br />
                Phone (504) 309-9799| Fax (504) 309-7345
            </span>
      <span  style=\\"display:inline-block; width: 46px\\">&nbsp;</span>
    </div>
    <p style=\\"color: #7F7F7F;\\">
      SUSAN HUTSON
      <br>
      INDEPENDENT POLICE MONITOR
    </p>
    <p><br></p>
    July 01, 2018
    <p><br></p>
    recipient address
    <p><br></p>
    <p><strong>RE: Complaint Referral; IPM Complaint CC2017-0001</strong></p>
    <p><br></p>
    <p>Dear recipient address:</p>
    <p><br></p>
    Custom Letter HTML
    <p><br></p>
    Sincerely,
    <p><br></p>
    <p><br></p>
    <p><br></p>
    sender address
    <p><br></p>
    Transcribed by: transcriber
  </body>
</html>"
`;

exports[`generateLetterPdfBuffer sender is stella signature is included when sender is stella and includeSignature is true 1`] = `
"<html>
  <head>
      <link rel=\\"stylesheet\\" type=\\"text/css\\" href=\\"getPdf.css\\">
  </head>
  <body>
    <div id=\\"pageHeader-first\\">
      <div style=\\"text-align: center;\\">
        <img style=\\"max-width: 223px\\" src=\\"file:/app/src/server/handlers/cases/referralLetters/getPdf/assets/header_text.png\\" />
      </div>
      <div style=\\"text-align: center; margin-top: 8px\\">
        <img style=\\"max-width: 42px\\" src=\\"file:/app/src/server/handlers/cases/referralLetters/getPdf/assets/icon.ico\\" />
      </div>
    </div>
    <div id=\\"pageHeader\\" style=\\"font-size:8.5pt; color: #7F7F7F;\\">
      recipient address<br/>
      July 01, 2018<br/>
      Page {{page}}
    </div>

    <div id=\\"pageFooter\\" style=\\"text-align: center; margin-top: 16px\\">
            <span  style=\\"display:inline-block; margin: 6px 16px 0 0\\">
                <img style=\\"max-width: 30px\\" src=\\"file:/app/src/server/handlers/cases/referralLetters/getPdf/assets/icon.ico\\" />
            </span>
      <span style=\\"display:inline-block; font-size:7pt; color: #7F7F7F;\\">
                INDEPENDENT POLICE MONITOR <br />
                2714 Canal Street, Suite 201 | NEW ORLEANS, LOUISIANA | 70119 <br />
                Phone (504) 309-9799| Fax (504) 309-7345
            </span>
      <span  style=\\"display:inline-block; width: 46px\\">&nbsp;</span>
    </div>
    <p style=\\"color: #7F7F7F;\\">
      SUSAN HUTSON
      <br>
      INDEPENDENT POLICE MONITOR
    </p>
    <p><br></p>
    July 01, 2018
    <p><br></p>
    recipient address
    <p><br></p>
    <p><strong>RE: Complaint Referral; IPM Complaint CC2017-0001</strong></p>
    <p><br></p>
    <p>Dear recipient address:</p>
    <p><br></p>
    
    <p><br></p>
    Sincerely,
    <p><br></p>
    <img style=\\"max-height: 55px\\" src=file:/app/src/server/handlers/cases/referralLetters/getPdf/assets/signatures/signature.png />
    <p><br></p>
    Stella Cziment
    <p><br></p>
    Transcribed by: transcriber
  </body>
</html>"
`;

exports[`generateLetterPdfBuffer sender is stella signature is not included when includeSignature is false 1`] = `
"<html>
  <head>
      <link rel=\\"stylesheet\\" type=\\"text/css\\" href=\\"getPdf.css\\">
  </head>
  <body>
    <div id=\\"pageHeader-first\\">
      <div style=\\"text-align: center;\\">
        <img style=\\"max-width: 223px\\" src=\\"file:/app/src/server/handlers/cases/referralLetters/getPdf/assets/header_text.png\\" />
      </div>
      <div style=\\"text-align: center; margin-top: 8px\\">
        <img style=\\"max-width: 42px\\" src=\\"file:/app/src/server/handlers/cases/referralLetters/getPdf/assets/icon.ico\\" />
      </div>
    </div>
    <div id=\\"pageHeader\\" style=\\"font-size:8.5pt; color: #7F7F7F;\\">
      recipient address<br/>
      July 01, 2018<br/>
      Page {{page}}
    </div>

    <div id=\\"pageFooter\\" style=\\"text-align: center; margin-top: 16px\\">
            <span  style=\\"display:inline-block; margin: 6px 16px 0 0\\">
                <img style=\\"max-width: 30px\\" src=\\"file:/app/src/server/handlers/cases/referralLetters/getPdf/assets/icon.ico\\" />
            </span>
      <span style=\\"display:inline-block; font-size:7pt; color: #7F7F7F;\\">
                INDEPENDENT POLICE MONITOR <br />
                2714 Canal Street, Suite 201 | NEW ORLEANS, LOUISIANA | 70119 <br />
                Phone (504) 309-9799| Fax (504) 309-7345
            </span>
      <span  style=\\"display:inline-block; width: 46px\\">&nbsp;</span>
    </div>
    <p style=\\"color: #7F7F7F;\\">
      SUSAN HUTSON
      <br>
      INDEPENDENT POLICE MONITOR
    </p>
    <p><br></p>
    July 01, 2018
    <p><br></p>
    recipient address
    <p><br></p>
    <p><strong>RE: Complaint Referral; IPM Complaint CC2017-0001</strong></p>
    <p><br></p>
    <p>Dear recipient address:</p>
    <p><br></p>
    
    <p><br></p>
    Sincerely,
    <p><br></p>
    <p><br></p>
    <p><br></p>
    Stella Cziment
    <p><br></p>
    Transcribed by: transcriber
  </body>
</html>"
`;
